cat: newhellow2: No such file or directory
